Component: ARM Compiler 5.06 update 6 (build 750) Tool: armlink [4d35ed]

==============================================================================

Section Cross References

    mybuzzer.o(i.main) refers to system_mkl25z4.o(i.SystemCoreClockUpdate) for SystemCoreClockUpdate
    mybuzzer.o(i.main) refers to mybuzzer.o(i.initPWM) for initPWM
    mybuzzer.o(i.main) refers to mybuzzer.o(i.play_song) for play_song
    mybuzzer.o(i.play_note) refers to mybuzzer.o(i.set_buzzer_frequency) for set_buzzer_frequency
    mybuzzer.o(i.play_note) refers to fflti.o(.text) for __aeabi_i2f
    mybuzzer.o(i.play_note) refers to ffltui.o(.text) for __aeabi_ui2f
    mybuzzer.o(i.play_note) refers to fdiv.o(.text) for __aeabi_fdiv
    mybuzzer.o(i.play_note) refers to fmul.o(.text) for __aeabi_fmul
    mybuzzer.o(i.play_note) refers to ffixi.o(.text) for __aeabi_f2iz
    mybuzzer.o(i.play_note) refers to mybuzzer.o(i.delay) for delay
    mybuzzer.o(i.play_note) refers to mybuzzer.o(.data) for counter
    mybuzzer.o(i.play_song) refers to mybuzzer.o(i.play_note) for play_note
    mybuzzer.o(i.set_buzzer_frequency) refers to dflti.o(.text) for __aeabi_i2d
    mybuzzer.o(i.set_buzzer_frequency) refers to dmul.o(.text) for __aeabi_dmul
    mybuzzer.o(i.set_buzzer_frequency) refers to ddiv.o(.text) for __aeabi_ddiv
    mybuzzer.o(i.set_buzzer_frequency) refers to dfixi.o(.text) for __aeabi_d2iz
    mybuzzer.o(i.set_buzzer_frequency) refers to mybuzzer.o(.data) for cnv
    startup_mkl25z4.o(RESET) refers to startup_mkl25z4.o(STACK) for __initial_sp
    startup_mkl25z4.o(RESET) refers to startup_mkl25z4.o(.text) for Reset_Handler
    startup_mkl25z4.o(.text) refers to system_mkl25z4.o(i.SystemInit) for SystemInit
    startup_mkl25z4.o(.text) refers to entry.o(.ARM.Collect$$$$00000000) for __main
    system_mkl25z4.o(i.SystemCoreClockUpdate) refers to uidiv.o(.text) for __aeabi_uidivmod
    system_mkl25z4.o(i.SystemCoreClockUpdate) refers to system_mkl25z4.o(i.__ARM_common_switch8) for __ARM_common_switch8
    system_mkl25z4.o(i.SystemCoreClockUpdate) refers to system_mkl25z4.o(.data) for SystemCoreClock
    entry.o(.ARM.Collect$$$$00000000) refers (Special) to entry10a.o(.ARM.Collect$$$$0000000D) for __rt_final_cpp
    entry.o(.ARM.Collect$$$$00000000) refers (Special) to entry11a.o(.ARM.Collect$$$$0000000F) for __rt_final_exit
    entry.o(.ARM.Collect$$$$00000000) refers (Special) to entry7b.o(.ARM.Collect$$$$00000008) for _main_clock
    entry.o(.ARM.Collect$$$$00000000) refers (Special) to entry8b.o(.ARM.Collect$$$$0000000A) for _main_cpp_init
    entry.o(.ARM.Collect$$$$00000000) refers (Special) to entry9a.o(.ARM.Collect$$$$0000000B) for _main_init
    entry.o(.ARM.Collect$$$$00000000) refers (Special) to entry5.o(.ARM.Collect$$$$00000004) for _main_scatterload
    entry.o(.ARM.Collect$$$$00000000) refers (Special) to entry2.o(.ARM.Collect$$$$00000001) for _main_stk
    fmul.o(.text) refers (Special) to iusefp.o(.text) for __I$use$fp
    fdiv.o(.text) refers (Special) to iusefp.o(.text) for __I$use$fp
    fdiv.o(.text) refers to fepilogue.o(.text) for _float_round
    dmul.o(.text) refers (Special) to iusefp.o(.text) for __I$use$fp
    dmul.o(.text) refers to depilogue.o(.text) for _double_epilogue
    ddiv.o(.text) refers (Special) to iusefp.o(.text) for __I$use$fp
    ddiv.o(.text) refers to depilogue.o(.text) for _double_round
    fflti.o(.text) refers (Special) to iusefp.o(.text) for __I$use$fp
    fflti.o(.text) refers to fepilogue.o(.text) for _float_epilogue
    ffltui.o(.text) refers (Special) to iusefp.o(.text) for __I$use$fp
    ffltui.o(.text) refers to fepilogue.o(.text) for _float_epilogue
    dflti.o(.text) refers (Special) to iusefp.o(.text) for __I$use$fp
    dflti.o(.text) refers to depilogue.o(.text) for _double_epilogue
    ffixi.o(.text) refers (Special) to iusefp.o(.text) for __I$use$fp
    dfixi.o(.text) refers (Special) to iusefp.o(.text) for __I$use$fp
    dfixi.o(.text) refers to llushr.o(.text) for __aeabi_llsr
    entry2.o(.ARM.Collect$$$$00000001) refers to entry2.o(.ARM.Collect$$$$00002712) for __lit__00000000
    entry2.o(.ARM.Collect$$$$00002712) refers to startup_mkl25z4.o(STACK) for __initial_sp
    entry2.o(__vectab_stack_and_reset_area) refers to startup_mkl25z4.o(STACK) for __initial_sp
    entry2.o(__vectab_stack_and_reset_area) refers to entry.o(.ARM.Collect$$$$00000000) for __main
    entry5.o(.ARM.Collect$$$$00000004) refers to init.o(.text) for __scatterload
    entry9a.o(.ARM.Collect$$$$0000000B) refers to mybuzzer.o(i.main) for main
    entry9b.o(.ARM.Collect$$$$0000000C) refers to mybuzzer.o(i.main) for main
    depilogue.o(.text) refers to depilogue.o(i.__ARM_clz) for __ARM_clz
    depilogue.o(.text) refers to llshl.o(.text) for __aeabi_llsl
    depilogue.o(.text) refers to llushr.o(.text) for __aeabi_llsr
    init.o(.text) refers to entry5.o(.ARM.Collect$$$$00000004) for __main_after_scatterload


==============================================================================

Removing Unused input sections from the image.

    Removing mybuzzer.o(.rev16_text), (4 bytes).
    Removing mybuzzer.o(.revsh_text), (4 bytes).
    Removing startup_mkl25z4.o(HEAP), (0 bytes).
    Removing system_mkl25z4.o(.rev16_text), (4 bytes).
    Removing system_mkl25z4.o(.revsh_text), (4 bytes).

5 unused section(s) (total 16 bytes) removed from the image.

==============================================================================

Image Symbol Table

    Local Symbols

    Symbol Name                              Value     Ov Type        Size  Object(Section)

    RESET                                    0x00000000   Section      192  startup_mkl25z4.o(RESET)
    ../clib/microlib/division.c              0x00000000   Number         0  uidiv.o ABSOLUTE
    ../clib/microlib/init/entry.s            0x00000000   Number         0  entry11b.o ABSOLUTE
    ../clib/microlib/init/entry.s            0x00000000   Number         0  entry5.o ABSOLUTE
    ../clib/microlib/init/entry.s            0x00000000   Number         0  entry10b.o ABSOLUTE
    ../clib/microlib/init/entry.s            0x00000000   Number         0  entry2.o ABSOLUTE
    ../clib/microlib/init/entry.s            0x00000000   Number         0  entry11a.o ABSOLUTE
    ../clib/microlib/init/entry.s            0x00000000   Number         0  entry.o ABSOLUTE
    ../clib/microlib/init/entry.s            0x00000000   Number         0  entry10a.o ABSOLUTE
    ../clib/microlib/init/entry.s            0x00000000   Number         0  entry9b.o ABSOLUTE
    ../clib/microlib/init/entry.s            0x00000000   Number         0  entry9a.o ABSOLUTE
    ../clib/microlib/init/entry.s            0x00000000   Number         0  entry8b.o ABSOLUTE
    ../clib/microlib/init/entry.s            0x00000000   Number         0  entry8a.o ABSOLUTE
    ../clib/microlib/init/entry.s            0x00000000   Number         0  entry7b.o ABSOLUTE
    ../clib/microlib/init/entry.s            0x00000000   Number         0  entry7a.o ABSOLUTE
    ../clib/microlib/longlong.c              0x00000000   Number         0  llshl.o ABSOLUTE
    ../clib/microlib/longlong.c              0x00000000   Number         0  llushr.o ABSOLUTE
    ../clib/microlib/stubs.s                 0x00000000   Number         0  iusefp.o ABSOLUTE
    ../fplib/microlib/fpdiv.c                0x00000000   Number         0  fdiv.o ABSOLUTE
    ../fplib/microlib/fpdiv.c                0x00000000   Number         0  ddiv.o ABSOLUTE
    ../fplib/microlib/fpepilogue.c           0x00000000   Number         0  depilogue.o ABSOLUTE
    ../fplib/microlib/fpepilogue.c           0x00000000   Number         0  fepilogue.o ABSOLUTE
    ../fplib/microlib/fpfix.c                0x00000000   Number         0  dfixi.o ABSOLUTE
    ../fplib/microlib/fpfix.c                0x00000000   Number         0  ffixi.o ABSOLUTE
    ../fplib/microlib/fpflt.c                0x00000000   Number         0  ffltui.o ABSOLUTE
    ../fplib/microlib/fpflt.c                0x00000000   Number         0  dflti.o ABSOLUTE
    ../fplib/microlib/fpflt.c                0x00000000   Number         0  fflti.o ABSOLUTE
    ../fplib/microlib/fpmul.c                0x00000000   Number         0  dmul.o ABSOLUTE
    ../fplib/microlib/fpmul.c                0x00000000   Number         0  fmul.o ABSOLUTE
    RTE\Device\MKL25Z128xxx4\startup_MKL25Z4.s 0x00000000   Number         0  startup_mkl25z4.o ABSOLUTE
    RTE\Device\MKL25Z128xxx4\system_MKL25Z4.c 0x00000000   Number         0  system_mkl25z4.o ABSOLUTE
    RTE\\Device\\MKL25Z128xxx4\\system_MKL25Z4.c 0x00000000   Number         0  system_mkl25z4.o ABSOLUTE
    dc.s                                     0x00000000   Number         0  dc.o ABSOLUTE
    handlers.s                               0x00000000   Number         0  handlers.o ABSOLUTE
    init.s                                   0x00000000   Number         0  init.o ABSOLUTE
    myBuzzer.c                               0x00000000   Number         0  mybuzzer.o ABSOLUTE
    myBuzzer.c                               0x00000000   Number         0  mybuzzer.o ABSOLUTE
    .ARM.Collect$$$$00000000                 0x000000c0   Section        0  entry.o(.ARM.Collect$$$$00000000)
    .ARM.Collect$$$$00000001                 0x000000c0   Section        4  entry2.o(.ARM.Collect$$$$00000001)
    .ARM.Collect$$$$00000004                 0x000000c4   Section        4  entry5.o(.ARM.Collect$$$$00000004)
    .ARM.Collect$$$$00000008                 0x000000c8   Section        0  entry7b.o(.ARM.Collect$$$$00000008)
    .ARM.Collect$$$$0000000A                 0x000000c8   Section        0  entry8b.o(.ARM.Collect$$$$0000000A)
    .ARM.Collect$$$$0000000B                 0x000000c8   Section        8  entry9a.o(.ARM.Collect$$$$0000000B)
    .ARM.Collect$$$$0000000D                 0x000000d0   Section        0  entry10a.o(.ARM.Collect$$$$0000000D)
    .ARM.Collect$$$$0000000F                 0x000000d0   Section        0  entry11a.o(.ARM.Collect$$$$0000000F)
    .ARM.Collect$$$$00002712                 0x000000d0   Section        4  entry2.o(.ARM.Collect$$$$00002712)
    __lit__00000000                          0x000000d0   Data           4  entry2.o(.ARM.Collect$$$$00002712)
    .text                                    0x000000d4   Section       40  startup_mkl25z4.o(.text)
    .text                                    0x000000fc   Section        0  uidiv.o(.text)
    .text                                    0x00000128   Section        0  fmul.o(.text)
    .text                                    0x000001a2   Section        0  fdiv.o(.text)
    .text                                    0x00000220   Section        0  dmul.o(.text)
    .text                                    0x000002f0   Section        0  ddiv.o(.text)
    .text                                    0x000003e0   Section        0  fflti.o(.text)
    .text                                    0x000003f6   Section        0  iusefp.o(.text)
    i.__scatterload_null                     0x000003f6   Section        2  handlers.o(i.__scatterload_null)
    .ARM.__at_0x400                          0x00000400   Section       16  startup_mkl25z4.o(.ARM.__at_0x400)
    .text                                    0x00000410   Section        0  ffltui.o(.text)
    .text                                    0x00000420   Section        0  dflti.o(.text)
    .text                                    0x00000448   Section        0  ffixi.o(.text)
    .text                                    0x0000047c   Section        0  dfixi.o(.text)
    .text                                    0x000004c4   Section        0  llushr.o(.text)
    .text                                    0x000004e6   Section        0  fepilogue.o(.text)
    .text                                    0x00000568   Section        0  depilogue.o(.text)
    .text                                    0x00000628   Section       36  init.o(.text)
    .text                                    0x0000064c   Section        0  llshl.o(.text)
    i.SystemCoreClockUpdate                  0x0000066c   Section        0  system_mkl25z4.o(i.SystemCoreClockUpdate)
    i.SystemInit                             0x000007fc   Section        0  system_mkl25z4.o(i.SystemInit)
    i.__ARM_clz                              0x00000934   Section        0  depilogue.o(i.__ARM_clz)
    i.__ARM_common_switch8                   0x00000962   Section        0  system_mkl25z4.o(i.__ARM_common_switch8)
    i.__scatterload_copy                     0x0000097e   Section       14  handlers.o(i.__scatterload_copy)
    i.__scatterload_zeroinit                 0x0000098c   Section       14  handlers.o(i.__scatterload_zeroinit)
    i.delay                                  0x0000099a   Section        0  mybuzzer.o(i.delay)
    delay                                    0x0000099b   Thumb Code    20  mybuzzer.o(i.delay)
    i.initPWM                                0x000009b0   Section        0  mybuzzer.o(i.initPWM)
    i.main                                   0x00000a5c   Section        0  mybuzzer.o(i.main)
    i.play_note                              0x00000a70   Section        0  mybuzzer.o(i.play_note)
    i.play_song                              0x00000acc   Section        0  mybuzzer.o(i.play_song)
    i.set_buzzer_frequency                   0x00000b24   Section        0  mybuzzer.o(i.set_buzzer_frequency)
    .data                                    0x1ffff000   Section        8  mybuzzer.o(.data)
    .data                                    0x1ffff008   Section        4  system_mkl25z4.o(.data)
    STACK                                    0x1ffff010   Section      256  startup_mkl25z4.o(STACK)

    Global Symbols

    Symbol Name                              Value     Ov Type        Size  Object(Section)

    BuildAttributes$$THM_ISAv3M$S$PE$A:L22$X:L11$S22$IEEE1$IW$USESV6$~STKCKD$USESV7$~SHL$OTIME$ROPI$EBA8$MICROLIB$REQ8$PRES8$EABIv2 0x00000000   Number         0  anon$$obj.o ABSOLUTE
    __ARM_use_no_argv                        0x00000000   Number         0  mybuzzer.o ABSOLUTE
    __Vectors                                0x00000000   Data           4  startup_mkl25z4.o(RESET)
    __cpp_initialize__aeabi_                  - Undefined Weak Reference
    __cxa_finalize                            - Undefined Weak Reference
    __decompress                              - Undefined Weak Reference
    _clock_init                               - Undefined Weak Reference
    _microlib_exit                            - Undefined Weak Reference
    __Vectors_End                            0x000000c0   Data           0  startup_mkl25z4.o(RESET)
    __Vectors_Size                           0x000000c0   Number         0  startup_mkl25z4.o ABSOLUTE
    __main                                   0x000000c1   Thumb Code     0  entry.o(.ARM.Collect$$$$00000000)
    _main_stk                                0x000000c1   Thumb Code     0  entry2.o(.ARM.Collect$$$$00000001)
    _main_scatterload                        0x000000c5   Thumb Code     0  entry5.o(.ARM.Collect$$$$00000004)
    __main_after_scatterload                 0x000000c9   Thumb Code     0  entry5.o(.ARM.Collect$$$$00000004)
    _main_clock                              0x000000c9   Thumb Code     0  entry7b.o(.ARM.Collect$$$$00000008)
    _main_cpp_init                           0x000000c9   Thumb Code     0  entry8b.o(.ARM.Collect$$$$0000000A)
    _main_init                               0x000000c9   Thumb Code     0  entry9a.o(.ARM.Collect$$$$0000000B)
    __rt_final_cpp                           0x000000d1   Thumb Code     0  entry10a.o(.ARM.Collect$$$$0000000D)
    __rt_final_exit                          0x000000d1   Thumb Code     0  entry11a.o(.ARM.Collect$$$$0000000F)
    Reset_Handler                            0x000000d5   Thumb Code    12  startup_mkl25z4.o(.text)
    NMI_Handler                              0x000000e1   Thumb Code     2  startup_mkl25z4.o(.text)
    HardFault_Handler                        0x000000e3   Thumb Code     2  startup_mkl25z4.o(.text)
    SVC_Handler                              0x000000e5   Thumb Code     2  startup_mkl25z4.o(.text)
    PendSV_Handler                           0x000000e7   Thumb Code     2  startup_mkl25z4.o(.text)
    SysTick_Handler                          0x000000e9   Thumb Code     2  startup_mkl25z4.o(.text)
    ADC0_IRQHandler                          0x000000eb   Thumb Code     0  startup_mkl25z4.o(.text)
    CMP0_IRQHandler                          0x000000eb   Thumb Code     0  startup_mkl25z4.o(.text)
    DAC0_IRQHandler                          0x000000eb   Thumb Code     0  startup_mkl25z4.o(.text)
    DMA0_IRQHandler                          0x000000eb   Thumb Code     0  startup_mkl25z4.o(.text)
    DMA1_IRQHandler                          0x000000eb   Thumb Code     0  startup_mkl25z4.o(.text)
    DMA2_IRQHandler                          0x000000eb   Thumb Code     0  startup_mkl25z4.o(.text)
    DMA3_IRQHandler                          0x000000eb   Thumb Code     0  startup_mkl25z4.o(.text)
    DefaultISR                               0x000000eb   Thumb Code     0  startup_mkl25z4.o(.text)
    FTFA_IRQHandler                          0x000000eb   Thumb Code     0  startup_mkl25z4.o(.text)
    I2C0_IRQHandler                          0x000000eb   Thumb Code     0  startup_mkl25z4.o(.text)
    I2C1_IRQHandler                          0x000000eb   Thumb Code     0  startup_mkl25z4.o(.text)
    LLWU_IRQHandler                          0x000000eb   Thumb Code     0  startup_mkl25z4.o(.text)
    LPTMR0_IRQHandler                        0x000000eb   Thumb Code     0  startup_mkl25z4.o(.text)
    LVD_LVW_IRQHandler                       0x000000eb   Thumb Code     0  startup_mkl25z4.o(.text)
    MCG_IRQHandler                           0x000000eb   Thumb Code     0  startup_mkl25z4.o(.text)
    PIT_IRQHandler                           0x000000eb   Thumb Code     0  startup_mkl25z4.o(.text)
    PORTA_IRQHandler                         0x000000eb   Thumb Code     0  startup_mkl25z4.o(.text)
    PORTD_IRQHandler                         0x000000eb   Thumb Code     0  startup_mkl25z4.o(.text)
    RTC_IRQHandler                           0x000000eb   Thumb Code     0  startup_mkl25z4.o(.text)
    RTC_Seconds_IRQHandler                   0x000000eb   Thumb Code     0  startup_mkl25z4.o(.text)
    Reserved20_IRQHandler                    0x000000eb   Thumb Code     0  startup_mkl25z4.o(.text)
    Reserved39_IRQHandler                    0x000000eb   Thumb Code     0  startup_mkl25z4.o(.text)
    Reserved45_IRQHandler                    0x000000eb   Thumb Code     0  startup_mkl25z4.o(.text)
    SPI0_IRQHandler                          0x000000eb   Thumb Code     0  startup_mkl25z4.o(.text)
    SPI1_IRQHandler                          0x000000eb   Thumb Code     0  startup_mkl25z4.o(.text)
    TPM0_IRQHandler                          0x000000eb   Thumb Code     0  startup_mkl25z4.o(.text)
    TPM1_IRQHandler                          0x000000eb   Thumb Code     0  startup_mkl25z4.o(.text)
    TPM2_IRQHandler                          0x000000eb   Thumb Code     0  startup_mkl25z4.o(.text)
    TSI0_IRQHandler                          0x000000eb   Thumb Code     0  startup_mkl25z4.o(.text)
    UART0_IRQHandler                         0x000000eb   Thumb Code     0  startup_mkl25z4.o(.text)
    UART1_IRQHandler                         0x000000eb   Thumb Code     0  startup_mkl25z4.o(.text)
    UART2_IRQHandler                         0x000000eb   Thumb Code     0  startup_mkl25z4.o(.text)
    USB0_IRQHandler                          0x000000eb   Thumb Code     0  startup_mkl25z4.o(.text)
    __aeabi_uidiv                            0x000000fd   Thumb Code     0  uidiv.o(.text)
    __aeabi_uidivmod                         0x000000fd   Thumb Code    44  uidiv.o(.text)
    __aeabi_fmul                             0x00000129   Thumb Code   122  fmul.o(.text)
    __aeabi_fdiv                             0x000001a3   Thumb Code   124  fdiv.o(.text)
    __aeabi_dmul                             0x00000221   Thumb Code   202  dmul.o(.text)
    __aeabi_ddiv                             0x000002f1   Thumb Code   234  ddiv.o(.text)
    __aeabi_i2f                              0x000003e1   Thumb Code    22  fflti.o(.text)
    __I$use$fp                               0x000003f7   Thumb Code     0  iusefp.o(.text)
    __scatterload_null                       0x000003f7   Thumb Code     2  handlers.o(i.__scatterload_null)
    __aeabi_ui2f                             0x00000411   Thumb Code    14  ffltui.o(.text)
    __aeabi_i2d                              0x00000421   Thumb Code    34  dflti.o(.text)
    __aeabi_f2iz                             0x00000449   Thumb Code    50  ffixi.o(.text)
    __aeabi_d2iz                             0x0000047d   Thumb Code    62  dfixi.o(.text)
    __aeabi_llsr                             0x000004c5   Thumb Code    34  llushr.o(.text)
    _ll_ushift_r                             0x000004c5   Thumb Code     0  llushr.o(.text)
    _float_round                             0x000004e7   Thumb Code    16  fepilogue.o(.text)
    _float_epilogue                          0x000004f7   Thumb Code   114  fepilogue.o(.text)
    _double_round                            0x00000569   Thumb Code    26  depilogue.o(.text)
    _double_epilogue                         0x00000583   Thumb Code   164  depilogue.o(.text)
    __scatterload                            0x00000629   Thumb Code    28  init.o(.text)
    __scatterload_rt2                        0x00000629   Thumb Code     0  init.o(.text)
    __aeabi_llsl                             0x0000064d   Thumb Code    32  llshl.o(.text)
    _ll_shift_l                              0x0000064d   Thumb Code     0  llshl.o(.text)
    SystemCoreClockUpdate                    0x0000066d   Thumb Code   372  system_mkl25z4.o(i.SystemCoreClockUpdate)
    SystemInit                               0x000007fd   Thumb Code   266  system_mkl25z4.o(i.SystemInit)
    __ARM_clz                                0x00000935   Thumb Code    46  depilogue.o(i.__ARM_clz)
    __ARM_common_switch8                     0x00000963   Thumb Code    28  system_mkl25z4.o(i.__ARM_common_switch8)
    __scatterload_copy                       0x0000097f   Thumb Code    14  handlers.o(i.__scatterload_copy)
    __scatterload_zeroinit                   0x0000098d   Thumb Code    14  handlers.o(i.__scatterload_zeroinit)
    initPWM                                  0x000009b1   Thumb Code   156  mybuzzer.o(i.initPWM)
    main                                     0x00000a5d   Thumb Code    18  mybuzzer.o(i.main)
    play_note                                0x00000a71   Thumb Code    82  mybuzzer.o(i.play_note)
    play_song                                0x00000acd   Thumb Code    88  mybuzzer.o(i.play_song)
    set_buzzer_frequency                     0x00000b25   Thumb Code    62  mybuzzer.o(i.set_buzzer_frequency)
    Region$$Table$$Base                      0x00000b74   Number         0  anon$$obj.o(Region$$Table)
    Region$$Table$$Limit                     0x00000b94   Number         0  anon$$obj.o(Region$$Table)
    cnv                                      0x1ffff000   Data           4  mybuzzer.o(.data)
    counter                                  0x1ffff004   Data           4  mybuzzer.o(.data)
    SystemCoreClock                          0x1ffff008   Data           4  system_mkl25z4.o(.data)
    __initial_sp                             0x1ffff110   Data           0  startup_mkl25z4.o(STACK)



==============================================================================

Memory Map of the image

  Image Entry point : 0x000000d5

  Load Region LR_1 (Base: 0x00000000, Size: 0x00000ba0, Max: 0xffffffff, ABSOLUTE)

    Execution Region ER_RO (Exec base: 0x00000000, Load base: 0x00000000, Size: 0x00000b94, Max: 0xffffffff, ABSOLUTE)

    Exec Addr    Load Addr    Size         Type   Attr      Idx    E Section Name        Object

    0x00000000   0x00000000   0x000000c0   Data   RO           80    RESET               startup_mkl25z4.o
    0x000000c0   0x000000c0   0x00000000   Code   RO          122  * .ARM.Collect$$$$00000000  mc_p.l(entry.o)
    0x000000c0   0x000000c0   0x00000004   Code   RO          145    .ARM.Collect$$$$00000001  mc_p.l(entry2.o)
    0x000000c4   0x000000c4   0x00000004   Code   RO          148    .ARM.Collect$$$$00000004  mc_p.l(entry5.o)
    0x000000c8   0x000000c8   0x00000000   Code   RO          150    .ARM.Collect$$$$00000008  mc_p.l(entry7b.o)
    0x000000c8   0x000000c8   0x00000000   Code   RO          152    .ARM.Collect$$$$0000000A  mc_p.l(entry8b.o)
    0x000000c8   0x000000c8   0x00000008   Code   RO          153    .ARM.Collect$$$$0000000B  mc_p.l(entry9a.o)
    0x000000d0   0x000000d0   0x00000000   Code   RO          155    .ARM.Collect$$$$0000000D  mc_p.l(entry10a.o)
    0x000000d0   0x000000d0   0x00000000   Code   RO          157    .ARM.Collect$$$$0000000F  mc_p.l(entry11a.o)
    0x000000d0   0x000000d0   0x00000004   Code   RO          146    .ARM.Collect$$$$00002712  mc_p.l(entry2.o)
    0x000000d4   0x000000d4   0x00000028   Code   RO           82  * .text               startup_mkl25z4.o
    0x000000fc   0x000000fc   0x0000002c   Code   RO          125    .text               mc_p.l(uidiv.o)
    0x00000128   0x00000128   0x0000007a   Code   RO          127    .text               mf_p.l(fmul.o)
    0x000001a2   0x000001a2   0x0000007c   Code   RO          129    .text               mf_p.l(fdiv.o)
    0x0000021e   0x0000021e   0x00000002   PAD
    0x00000220   0x00000220   0x000000d0   Code   RO          131    .text               mf_p.l(dmul.o)
    0x000002f0   0x000002f0   0x000000f0   Code   RO          133    .text               mf_p.l(ddiv.o)
    0x000003e0   0x000003e0   0x00000016   Code   RO          135    .text               mf_p.l(fflti.o)
    0x000003f6   0x000003f6   0x00000000   Code   RO          161    .text               mc_p.l(iusefp.o)
    0x000003f6   0x000003f6   0x00000002   Code   RO          175    i.__scatterload_null  mc_p.l(handlers.o)
    0x000003f8   0x000003f8   0x00000008   PAD
    0x00000400   0x00000400   0x00000010   Code   RO           81    .ARM.__at_0x400     startup_mkl25z4.o
    0x00000410   0x00000410   0x0000000e   Code   RO          137    .text               mf_p.l(ffltui.o)
    0x0000041e   0x0000041e   0x00000002   PAD
    0x00000420   0x00000420   0x00000028   Code   RO          139    .text               mf_p.l(dflti.o)
    0x00000448   0x00000448   0x00000032   Code   RO          141    .text               mf_p.l(ffixi.o)
    0x0000047a   0x0000047a   0x00000002   PAD
    0x0000047c   0x0000047c   0x00000048   Code   RO          143    .text               mf_p.l(dfixi.o)
    0x000004c4   0x000004c4   0x00000022   Code   RO          159    .text               mc_p.l(llushr.o)
    0x000004e6   0x000004e6   0x00000082   Code   RO          162    .text               mf_p.l(fepilogue.o)
    0x00000568   0x00000568   0x000000be   Code   RO          164    .text               mf_p.l(depilogue.o)
    0x00000626   0x00000626   0x00000002   PAD
    0x00000628   0x00000628   0x00000024   Code   RO          168    .text               mc_p.l(init.o)
    0x0000064c   0x0000064c   0x00000020   Code   RO          170    .text               mc_p.l(llshl.o)
    0x0000066c   0x0000066c   0x00000190   Code   RO           90    i.SystemCoreClockUpdate  system_mkl25z4.o
    0x000007fc   0x000007fc   0x00000138   Code   RO           91    i.SystemInit        system_mkl25z4.o
    0x00000934   0x00000934   0x0000002e   Code   RO          166    i.__ARM_clz         mf_p.l(depilogue.o)
    0x00000962   0x00000962   0x0000001c   Code   RO          114    i.__ARM_common_switch8  system_mkl25z4.o
    0x0000097e   0x0000097e   0x0000000e   Code   RO          174    i.__scatterload_copy  mc_p.l(handlers.o)
    0x0000098c   0x0000098c   0x0000000e   Code   RO          176    i.__scatterload_zeroinit  mc_p.l(handlers.o)
    0x0000099a   0x0000099a   0x00000014   Code   RO            3    i.delay             mybuzzer.o
    0x000009ae   0x000009ae   0x00000002   PAD
    0x000009b0   0x000009b0   0x000000ac   Code   RO            4    i.initPWM           mybuzzer.o
    0x00000a5c   0x00000a5c   0x00000012   Code   RO            5    i.main              mybuzzer.o
    0x00000a6e   0x00000a6e   0x00000002   PAD
    0x00000a70   0x00000a70   0x0000005c   Code   RO            6    i.play_note         mybuzzer.o
    0x00000acc   0x00000acc   0x00000058   Code   RO            7    i.play_song         mybuzzer.o
    0x00000b24   0x00000b24   0x00000050   Code   RO            8    i.set_buzzer_frequency  mybuzzer.o
    0x00000b74   0x00000b74   0x00000020   Data   RO          172    Region$$Table       anon$$obj.o


    Execution Region ER_RW (Exec base: 0x1ffff000, Load base: 0x00000b94, Size: 0x0000000c, Max: 0xffffffff, ABSOLUTE)

    Exec Addr    Load Addr    Size         Type   Attr      Idx    E Section Name        Object

    0x1ffff000   0x00000b94   0x00000008   Data   RW            9    .data               mybuzzer.o
    0x1ffff008   0x00000b9c   0x00000004   Data   RW           92    .data               system_mkl25z4.o


    Execution Region ER_ZI (Exec base: 0x1ffff00c, Load base: 0x00000ba0, Size: 0x00000104, Max: 0xffffffff, ABSOLUTE)

    Exec Addr    Load Addr    Size         Type   Attr      Idx    E Section Name        Object

    0x1ffff00c   0x00000ba0   0x00000004   PAD
    0x1ffff010        -       0x00000100   Zero   RW           78    STACK               startup_mkl25z4.o


==============================================================================

Image component sizes


      Code (inc. data)   RO Data    RW Data    ZI Data      Debug   Object Name

       470         44          0          8          0       8286   mybuzzer.o
        56         30        192          0        256        844   startup_mkl25z4.o
       740         84          0          4          0       1695   system_mkl25z4.o

    ----------------------------------------------------------------------
      1270        158        224         12        260      10825   Object Totals
         0          0         32          0          0          0   (incl. Generated)
         4          0          0          0          4          0   (incl. Padding)

    ----------------------------------------------------------------------

      Code (inc. data)   RO Data    RW Data    ZI Data      Debug   Library Member Name

         0          0          0          0          0          0   entry.o
         0          0          0          0          0          0   entry10a.o
         0          0          0          0          0          0   entry11a.o
         8          4          0          0          0          0   entry2.o
         4          0          0          0          0          0   entry5.o
         0          0          0          0          0          0   entry7b.o
         0          0          0          0          0          0   entry8b.o
         8          4          0          0          0          0   entry9a.o
        30          0          0          0          0          0   handlers.o
        36          8          0          0          0         68   init.o
         0          0          0          0          0          0   iusefp.o
        32          0          0          0          0         68   llshl.o
        34          0          0          0          0         68   llushr.o
        44          0          0          0          0         72   uidiv.o
       240          6          0          0          0         84   ddiv.o
       236          0          0          0          0        216   depilogue.o
        72         10          0          0          0         72   dfixi.o
        40          6          0          0          0         68   dflti.o
       208          6          0          0          0         88   dmul.o
       124          0          0          0          0         72   fdiv.o
       130          0          0          0          0        144   fepilogue.o
        50          0          0          0          0         60   ffixi.o
        22          0          0          0          0         68   fflti.o
        14          0          0          0          0         68   ffltui.o
       122          0          0          0          0         72   fmul.o

    ----------------------------------------------------------------------
      1470         44          0          0          0       1288   Library Totals
        16          0          0          0          0          0   (incl. Padding)

    ----------------------------------------------------------------------

      Code (inc. data)   RO Data    RW Data    ZI Data      Debug   Library Name

       196         16          0          0          0        276   mc_p.l
      1258         28          0          0          0       1012   mf_p.l

    ----------------------------------------------------------------------
      1470         44          0          0          0       1288   Library Totals

    ----------------------------------------------------------------------

==============================================================================


      Code (inc. data)   RO Data    RW Data    ZI Data      Debug   

      2740        202        224         12        260      11297   Grand Totals
      2740        202        224         12        260      11297   ELF Image Totals
      2740        202        224         12          0          0   ROM Totals

==============================================================================

    Total RO  Size (Code + RO Data)                 2964 (   2.89kB)
    Total RW  Size (RW Data + ZI Data)               272 (   0.27kB)
    Total ROM Size (Code + RO Data + RW Data)       2976 (   2.91kB)

==============================================================================

